2025-05-10 00:55:47,130 - ChatbotLogger - INFO - Cheguei!! Variáveis de ambiente carregadas com sucesso
2025-05-10 00:55:47,133 - ChatbotLogger - INFO - Cheguei!! IDs de administradores carregados: 1 admins
2025-05-10 00:55:47,134 - ChatbotLogger - INFO - Cheguei!! DiscordView inicializada com sucesso
2025-05-10 00:55:47,135 - ChatbotLogger - INFO - Cheguei!! Iniciando conexão com o Discord...
2025-05-10 00:55:50,538 - ChatbotLogger - INFO - Cheguei!! Bot chatbot-test#0350 está online!
2025-05-10 00:55:50,538 - ChatbotLogger - INFO - Cheguei!! ID do Bot: 1362898847327584336
2025-05-10 00:55:50,540 - ChatbotLogger - INFO - Cheguei!! Versão do Discord.py: 2.5.2
2025-05-10 00:55:50,540 - ChatbotLogger - INFO - Cheguei!! Latência: 113ms
2025-05-10 00:55:50,540 - ChatbotLogger - INFO - Cheguei!! Conectado em 2 servidores
2025-05-10 00:56:02,211 - ChatbotLogger - INFO - Cheguei!! Comando recebido: uc de duartegrilo_52968 (ID: 1344030285158940753)
2025-05-10 00:56:02,211 - ChatbotLogger - INFO - Cheguei!! Recebido comando 'uc' de duartegrilo_52968 (ID: 1344030285158940753)
2025-05-10 00:56:02,211 - ChatbotLogger - DEBUG - A inspecionar o que não está bem: A registar consulta para comando 'uc' de duartegrilo_52968
2025-05-10 00:56:02,215 - ChatbotLogger - DEBUG - A inspecionar o que não está bem: A fornecer visão geral da UC
2025-05-10 00:56:02,215 - ChatbotLogger - INFO - Cheguei!! Comando 'uc' processado com sucesso para duartegrilo_52968 (ID: 1344030285158940753)
2025-05-10 00:56:02,429 - ChatbotLogger - DEBUG - A inspecionar o que não está bem: Resposta formatada enviada para comando uc
2025-05-10 00:56:02,429 - ChatbotLogger - DEBUG - A inspecionar o que não está bem: Comando uc processado com sucesso
2025-05-10 00:56:09,292 - ChatbotLogger - INFO - Cheguei!! Comando recebido: help de duartegrilo_52968 (ID: 1344030285158940753)
2025-05-10 00:56:09,292 - ChatbotLogger - INFO - Cheguei!! Utilizador duartegrilo_52968 (ID: 1344030285158940753) autenticado como admin via .env
2025-05-10 00:56:09,532 - ChatbotLogger - DEBUG - A inspecionar o que não está bem: Lista completa de comandos enviada
2025-05-10 01:46:46,776 - ChatbotLogger - INFO - Cheguei!! Variáveis de ambiente carregadas com sucesso
2025-05-10 01:46:46,778 - ChatbotLogger - INFO - Cheguei!! IDs de administradores carregados: 1 admins
2025-05-10 01:46:46,778 - ChatbotLogger - INFO - Cheguei!! DiscordView inicializada com sucesso
2025-05-10 01:46:46,779 - ChatbotLogger - INFO - Cheguei!! Iniciando conexão com o Discord...
2025-05-10 01:46:50,009 - ChatbotLogger - INFO - Cheguei!! Bot chatbot-test#0350 está online!
2025-05-10 01:46:50,011 - ChatbotLogger - INFO - Cheguei!! ID do Bot: 1362898847327584336
2025-05-10 01:46:50,011 - ChatbotLogger - INFO - Cheguei!! Versão do Discord.py: 2.5.2
2025-05-10 01:46:50,012 - ChatbotLogger - INFO - Cheguei!! Latência: 119ms
2025-05-10 01:46:50,012 - ChatbotLogger - INFO - Cheguei!! Conectado em 2 servidores
2025-05-10 01:52:20,088 - ChatbotLogger - INFO - Cheguei!! Variáveis de ambiente carregadas com sucesso
2025-05-10 01:52:20,090 - ChatbotLogger - INFO - Cheguei!! IDs de administradores carregados: 1 admins
2025-05-10 01:52:20,090 - ChatbotLogger - INFO - Cheguei!! DiscordView inicializada com sucesso
2025-05-10 01:52:20,091 - ChatbotLogger - INFO - Cheguei!! Iniciando conexão com o Discord...
2025-05-10 01:52:23,428 - ChatbotLogger - INFO - Cheguei!! Bot chatbot-test#0350 está online!
2025-05-10 01:52:23,429 - ChatbotLogger - INFO - Cheguei!! ID do Bot: 1362898847327584336
2025-05-10 01:52:23,429 - ChatbotLogger - INFO - Cheguei!! Versão do Discord.py: 2.5.2
2025-05-10 01:52:23,430 - ChatbotLogger - INFO - Cheguei!! Latência: 119ms
2025-05-10 01:52:23,430 - ChatbotLogger - INFO - Cheguei!! Conectado em 2 servidores
2025-05-10 01:52:43,638 - ChatbotLogger - INFO - Cheguei!! Comando recebido: estatisticas de duartegrilo_52968 (ID: 1344030285158940753)
2025-05-10 01:52:43,638 - ChatbotLogger - INFO - Cheguei!! Utilizador duartegrilo_52968 (ID: 1344030285158940753) autenticado como admin via .env
2025-05-10 01:52:43,639 - ChatbotLogger - INFO - Cheguei!! A processar comando administrativo estatisticas
2025-05-10 01:52:43,640 - ChatbotLogger - INFO - Cheguei!! Estatísticas acedidas por admin 1344030285158940753
2025-05-10 01:52:43,986 - ChatbotLogger - DEBUG - A inspecionar o que não está bem: Resposta de estatísticas enviada para comando estatisticas
2025-05-10 01:52:43,986 - ChatbotLogger - DEBUG - A inspecionar o que não está bem: Estatísticas enviadas com sucesso
2025-05-10 01:52:43,986 - ChatbotLogger - DEBUG - A inspecionar o que não está bem: Comando administrativo estatisticas processado com sucesso
2025-05-10 01:52:48,937 - ChatbotLogger - ERROR - Nop, não estou bem dá me uns minutos: Erro ao processar comando cmd: 'DiscordView' object has no attribute 'process_command'
2025-05-10 01:53:36,724 - ChatbotLogger - INFO - Cheguei!! Comando recebido: help de duartegrilo_52968 (ID: 1344030285158940753)
2025-05-10 01:53:36,725 - ChatbotLogger - INFO - Cheguei!! Utilizador duartegrilo_52968 (ID: 1344030285158940753) autenticado como admin via .env
2025-05-10 01:53:37,150 - ChatbotLogger - DEBUG - A inspecionar o que não está bem: Lista completa de comandos enviada
2025-05-10 01:53:48,169 - ChatbotLogger - ERROR - Nop, não estou bem dá me uns minutos: Erro ao processar comando cmd: 'DiscordView' object has no attribute 'process_command'
2025-05-10 01:54:14,001 - ChatbotLogger - ERROR - Nop, não estou bem dá me uns minutos: Erro ao processar comando cmd: 'DiscordView' object has no attribute 'process_command'
2025-05-10 01:56:04,549 - ChatbotLogger - INFO - Cheguei!! Variáveis de ambiente carregadas com sucesso
2025-05-10 01:56:04,551 - ChatbotLogger - INFO - Cheguei!! IDs de administradores carregados: 1 admins
2025-05-10 01:56:04,551 - ChatbotLogger - INFO - Cheguei!! DiscordView inicializada com sucesso
2025-05-10 01:56:04,552 - ChatbotLogger - INFO - Cheguei!! Iniciando conexão com o Discord...
2025-05-10 01:56:07,588 - ChatbotLogger - INFO - Cheguei!! Bot chatbot-test#0350 está online!
2025-05-10 01:56:07,588 - ChatbotLogger - INFO - Cheguei!! ID do Bot: 1362898847327584336
2025-05-10 01:56:07,589 - ChatbotLogger - INFO - Cheguei!! Versão do Discord.py: 2.5.2
2025-05-10 01:56:07,589 - ChatbotLogger - INFO - Cheguei!! Latência: 115ms
2025-05-10 01:56:07,589 - ChatbotLogger - INFO - Cheguei!! Conectado em 2 servidores
2025-05-10 01:56:14,854 - ChatbotLogger - ERROR - Nop, não estou bem dá me uns minutos: Erro ao processar comando cmd: 'DiscordView' object has no attribute 'process_command'
2025-05-10 02:12:24,980 - ChatbotLogger - INFO - Cheguei!! Variáveis de ambiente carregadas com sucesso
2025-05-10 02:12:24,982 - ChatbotLogger - INFO - Cheguei!! IDs de administradores carregados: 1 admins
2025-05-10 02:12:24,982 - ChatbotLogger - INFO - Cheguei!! DiscordView inicializada com sucesso
2025-05-10 02:12:24,983 - ChatbotLogger - INFO - Cheguei!! Iniciando conexão com o Discord...
2025-05-10 02:12:27,989 - ChatbotLogger - INFO - Cheguei!! Bot chatbot-test#0350 está online!
2025-05-10 02:12:27,990 - ChatbotLogger - INFO - Cheguei!! ID do Bot: 1362898847327584336
2025-05-10 02:12:27,990 - ChatbotLogger - INFO - Cheguei!! Versão do Discord.py: 2.5.2
2025-05-10 02:12:27,991 - ChatbotLogger - INFO - Cheguei!! Latência: 116ms
2025-05-10 02:12:27,991 - ChatbotLogger - INFO - Cheguei!! Conectado em 2 servidores
2025-05-10 02:12:38,276 - ChatbotLogger - ERROR - Nop, não estou bem dá me uns minutos: Erro ao processar comando cmd: 'DiscordView' object has no attribute 'process_command'
2025-05-10 02:13:44,113 - ChatbotLogger - INFO - Cheguei!! Variáveis de ambiente carregadas com sucesso
2025-05-10 02:13:44,114 - ChatbotLogger - INFO - Cheguei!! IDs de administradores carregados: 1 admins
2025-05-10 02:13:44,115 - ChatbotLogger - INFO - Cheguei!! DiscordView inicializada com sucesso
2025-05-10 02:13:44,115 - ChatbotLogger - INFO - Cheguei!! Iniciando conexão com o Discord...
2025-05-10 02:13:47,196 - ChatbotLogger - INFO - Cheguei!! Bot chatbot-test#0350 está online!
2025-05-10 02:13:47,197 - ChatbotLogger - INFO - Cheguei!! ID do Bot: 1362898847327584336
2025-05-10 02:13:47,197 - ChatbotLogger - INFO - Cheguei!! Versão do Discord.py: 2.5.2
2025-05-10 02:13:47,197 - ChatbotLogger - INFO - Cheguei!! Latência: 116ms
2025-05-10 02:13:47,198 - ChatbotLogger - INFO - Cheguei!! Conectado em 2 servidores
2025-05-10 02:13:54,295 - ChatbotLogger - ERROR - Nop, não estou bem dá me uns minutos: Erro ao processar comando cmd: 'DiscordView' object has no attribute 'process_command'
2025-05-10 02:14:42,341 - ChatbotLogger - INFO - Cheguei!! IDs de administradores carregados: 1 admins
2025-05-10 02:14:42,342 - ChatbotLogger - INFO - Cheguei!! DiscordView inicializada com sucesso
2025-05-10 02:20:08,376 - ChatbotLogger - INFO - Cheguei!! DiscordView inicializada com sucesso
2025-05-10 02:34:55,339 - ChatbotLogger - INFO - Cheguei!! DiscordView inicializada com sucesso
2025-05-10 02:36:56,120 - ChatbotLogger - INFO - Cheguei!! DiscordView inicializada com sucesso
2025-05-10 02:39:17,876 - ChatbotLogger - INFO - Cheguei!! DiscordView inicializada com sucesso
2025-05-10 02:39:20,487 - ChatbotLogger - INFO - Cheguei!! DiscordView inicializada com sucesso
2025-05-10 02:39:36,859 - ChatbotLogger - INFO - Cheguei!! Variáveis de ambiente carregadas com sucesso
2025-05-10 02:39:36,861 - ChatbotLogger - INFO - Cheguei!! IDs de administradores carregados: 1 admins
2025-05-10 02:39:36,861 - ChatbotLogger - INFO - Cheguei!! DiscordView inicializada com sucesso
2025-05-10 02:39:36,862 - ChatbotLogger - INFO - Cheguei!! Iniciando conexão com o Discord...
2025-05-10 02:39:40,069 - ChatbotLogger - INFO - Cheguei!! Bot chatbot-test#0350 está online!
2025-05-10 02:39:40,070 - ChatbotLogger - INFO - Cheguei!! ID do Bot: 1362898847327584336
2025-05-10 02:39:40,070 - ChatbotLogger - INFO - Cheguei!! Versão do Discord.py: 2.5.2
2025-05-10 02:39:40,071 - ChatbotLogger - INFO - Cheguei!! Latência: 116ms
2025-05-10 02:39:40,071 - ChatbotLogger - INFO - Cheguei!! Conectado em 2 servidores
2025-05-10 02:39:50,064 - ChatbotLogger - INFO - Cheguei!! Comando recebido: uc de duartegrilo_52968 (ID: 1344030285158940753)
2025-05-10 02:39:50,065 - ChatbotLogger - INFO - Cheguei!! Recebido comando 'uc' de duartegrilo_52968 (ID: 1344030285158940753)
2025-05-10 02:39:50,065 - ChatbotLogger - DEBUG - A inspecionar o que não está bem: A registar consulta para comando 'uc' de duartegrilo_52968
2025-05-10 02:39:50,068 - ChatbotLogger - DEBUG - A inspecionar o que não está bem: A fornecer visão geral da UC
2025-05-10 02:39:50,068 - ChatbotLogger - INFO - Cheguei!! Comando 'uc' processado com sucesso para duartegrilo_52968 (ID: 1344030285158940753)
2025-05-10 02:39:50,432 - ChatbotLogger - DEBUG - A inspecionar o que não está bem: Texto simples enviado para comando uc
2025-05-10 02:39:50,432 - ChatbotLogger - DEBUG - A inspecionar o que não está bem: Comando uc processado com sucesso
2025-05-10 03:00:06,320 - ChatbotLogger - INFO - Cheguei!! Variáveis de ambiente carregadas com sucesso
2025-05-10 03:00:06,322 - ChatbotLogger - INFO - Cheguei!! IDs de administradores carregados: 1 admins
2025-05-10 03:00:06,322 - ChatbotLogger - INFO - Cheguei!! DiscordView inicializada com sucesso
2025-05-10 03:00:06,323 - ChatbotLogger - INFO - Cheguei!! Iniciando conexão com o Discord...
2025-05-10 03:00:09,805 - ChatbotLogger - INFO - Cheguei!! Bot chatbot-test#0350 está online!
2025-05-10 03:00:09,806 - ChatbotLogger - INFO - Cheguei!! ID do Bot: 1362898847327584336
2025-05-10 03:00:09,807 - ChatbotLogger - INFO - Cheguei!! Versão do Discord.py: 2.5.2
2025-05-10 03:00:09,808 - ChatbotLogger - INFO - Cheguei!! Latência: 121ms
2025-05-10 03:00:09,808 - ChatbotLogger - INFO - Cheguei!! Conectado em 2 servidores
2025-05-10 03:00:15,596 - ChatbotLogger - INFO - Cheguei!! Comando recebido: help de duartegrilo_52968 (ID: 1344030285158940753)
2025-05-10 03:00:15,596 - ChatbotLogger - INFO - Cheguei!! Utilizador duartegrilo_52968 (ID: 1344030285158940753) autenticado como admin via .env
2025-05-10 03:00:15,817 - ChatbotLogger - DEBUG - A inspecionar o que não está bem: Lista completa de comandos enviada
2025-05-10 03:00:25,297 - ChatbotLogger - INFO - Cheguei!! Comando recebido: estatisticas de duartegrilo_52968 (ID: 1344030285158940753)
2025-05-10 03:00:25,298 - ChatbotLogger - INFO - Cheguei!! Utilizador duartegrilo_52968 (ID: 1344030285158940753) autenticado como admin via .env
2025-05-10 03:00:25,298 - ChatbotLogger - INFO - Cheguei!! A processar comando administrativo estatisticas
2025-05-10 03:00:25,299 - ChatbotLogger - INFO - Cheguei!! Estatísticas acedidas por admin 1344030285158940753
2025-05-10 03:00:25,626 - ChatbotLogger - DEBUG - A inspecionar o que não está bem: Resposta estruturada enviada para comando estatisticas
2025-05-10 03:00:25,626 - ChatbotLogger - DEBUG - A inspecionar o que não está bem: Estatísticas enviadas com sucesso
2025-05-10 03:00:25,626 - ChatbotLogger - DEBUG - A inspecionar o que não está bem: Comando administrativo estatisticas processado com sucesso
2025-05-10 03:01:04,536 - ChatbotLogger - INFO - Cheguei!! Comando recebido: relatorio de duartegrilo_52968 (ID: 1344030285158940753)
2025-05-10 03:01:04,537 - ChatbotLogger - INFO - Cheguei!! Utilizador duartegrilo_52968 (ID: 1344030285158940753) autenticado como admin via .env
2025-05-10 03:01:04,537 - ChatbotLogger - INFO - Cheguei!! A processar comando administrativo relatorio
2025-05-10 03:01:04,538 - ChatbotLogger - INFO - Cheguei!! Relatório relatorio_geral gerado por admin 1344030285158940753: estatistica/relatorios/relatorio_bot_lds_20250510_030104.md
2025-05-10 03:01:05,016 - ChatbotLogger - DEBUG - A inspecionar o que não está bem: Comando administrativo relatorio processado com sucesso
2025-05-10 03:01:11,422 - ChatbotLogger - INFO - Cheguei!! Comando recebido: ia de duartegrilo_52968 (ID: 1344030285158940753)
2025-05-10 03:01:11,423 - ChatbotLogger - INFO - Cheguei!! Recebido comando 'ia' de duartegrilo_52968 (ID: 1344030285158940753)
2025-05-10 03:01:11,423 - ChatbotLogger - DEBUG - A inspecionar o que não está bem: A registar consulta para comando 'ia' de duartegrilo_52968
2025-05-10 03:01:11,425 - ChatbotLogger - DEBUG - A inspecionar o que não está bem: A procurar secção 'ia' para comando 'uc'
2025-05-10 03:01:11,425 - ChatbotLogger - INFO - Cheguei!! Secção 'ia' acedida pelo utilizador 1344030285158940753
2025-05-10 03:01:11,425 - ChatbotLogger - INFO - Cheguei!! Comando 'uc' processado com sucesso para duartegrilo_52968 (ID: 1344030285158940753)
2025-05-10 03:01:11,890 - ChatbotLogger - DEBUG - A inspecionar o que não está bem: Texto simples enviado para comando ia
2025-05-10 03:01:11,890 - ChatbotLogger - DEBUG - A inspecionar o que não está bem: Comando ia processado com sucesso
2025-05-10 03:06:15,148 - ChatbotLogger - INFO - Cheguei!! Variáveis de ambiente carregadas com sucesso
2025-05-10 03:06:15,149 - ChatbotLogger - INFO - Cheguei!! IDs de administradores carregados: 1 admins
2025-05-10 03:06:15,150 - ChatbotLogger - INFO - Cheguei!! DiscordView inicializada com sucesso
2025-05-10 03:06:15,150 - ChatbotLogger - INFO - Cheguei!! Iniciando conexão com o Discord...
2025-05-10 03:06:29,868 - ChatbotLogger - INFO - Cheguei!! Comando recebido: ia de duartegrilo_52968 (ID: 1344030285158940753)
2025-05-10 03:06:29,869 - ChatbotLogger - INFO - Cheguei!! Recebido comando 'ia' de duartegrilo_52968 (ID: 1344030285158940753)
2025-05-10 03:06:29,869 - ChatbotLogger - DEBUG - A inspecionar o que não está bem: A registar consulta para comando 'ia' de duartegrilo_52968
2025-05-10 03:06:29,872 - ChatbotLogger - DEBUG - A inspecionar o que não está bem: A procurar secção 'ia' para comando 'uc'
2025-05-10 03:06:29,873 - ChatbotLogger - INFO - Cheguei!! Secção 'ia' acedida pelo utilizador 1344030285158940753
2025-05-10 03:06:29,873 - ChatbotLogger - INFO - Cheguei!! Comando 'uc' processado com sucesso para duartegrilo_52968 (ID: 1344030285158940753)
2025-05-10 03:06:30,078 - ChatbotLogger - DEBUG - A inspecionar o que não está bem: Texto simples enviado para comando ia
2025-05-10 03:06:30,078 - ChatbotLogger - DEBUG - A inspecionar o que não está bem: Comando ia processado com sucesso
2025-05-10 03:06:33,149 - ChatbotLogger - INFO - Cheguei!! Comando recebido: uc de duartegrilo_52968 (ID: 1344030285158940753)
2025-05-10 03:06:33,151 - ChatbotLogger - INFO - Cheguei!! Recebido comando 'uc' de duartegrilo_52968 (ID: 1344030285158940753)
2025-05-10 03:06:33,151 - ChatbotLogger - DEBUG - A inspecionar o que não está bem: A registar consulta para comando 'uc' de duartegrilo_52968
2025-05-10 03:06:33,153 - ChatbotLogger - DEBUG - A inspecionar o que não está bem: A fornecer visão geral da UC
2025-05-10 03:06:33,154 - ChatbotLogger - INFO - Cheguei!! Comando 'uc' processado com sucesso para duartegrilo_52968 (ID: 1344030285158940753)
2025-05-10 03:06:33,505 - ChatbotLogger - DEBUG - A inspecionar o que não está bem: Texto simples enviado para comando uc
2025-05-10 03:06:33,505 - ChatbotLogger - DEBUG - A inspecionar o que não está bem: Comando uc processado com sucesso
2025-05-10 03:07:48,719 - ChatbotLogger - INFO - Cheguei!! Variáveis de ambiente carregadas com sucesso
2025-05-10 03:07:48,721 - ChatbotLogger - INFO - Cheguei!! IDs de administradores carregados: 1 admins
2025-05-10 03:07:48,722 - ChatbotLogger - INFO - Cheguei!! DiscordView inicializada com sucesso
2025-05-10 03:07:48,722 - ChatbotLogger - INFO - Cheguei!! Iniciando conexão com o Discord...
2025-05-10 03:07:52,028 - ChatbotLogger - INFO - Cheguei!! Bot chatbot-test#0350 está online!
2025-05-10 03:07:52,028 - ChatbotLogger - INFO - Cheguei!! ID do Bot: 1362898847327584336
2025-05-10 03:07:52,029 - ChatbotLogger - INFO - Cheguei!! Versão do Discord.py: 2.5.2
2025-05-10 03:07:52,029 - ChatbotLogger - INFO - Cheguei!! Latência: 117ms
2025-05-10 03:07:52,029 - ChatbotLogger - INFO - Cheguei!! Conectado em 2 servidores
