2025-04-27 01:01:19,619 - ChatbotLogger - INFO - Iniciando configuração do bot...
2025-04-27 01:01:19,619 - ChatbotLogger - INFO - Variáveis de ambiente carregadas com sucesso
2025-04-27 01:01:19,621 - ChatbotLogger - INFO - IDs de administradores carregados: 1 admins
2025-04-27 01:01:19,621 - ChatbotLogger - INFO - DiscordView inicializada com sucesso
2025-04-27 01:01:19,621 - ChatbotLogger - INFO - Bot configurado com sucesso
2025-04-27 01:01:19,622 - ChatbotLogger - INFO - Iniciando conexão com o Discord...
2025-04-27 01:01:22,837 - ChatbotLogger - INFO - Bot chatbot-test#0350 está online!
2025-04-27 01:01:22,837 - ChatbotLogger - INFO - ID do Bot: 1362898847327584336
2025-04-27 01:01:22,838 - ChatbotLogger - INFO - Versão do Discord.py: 2.5.2
2025-04-27 01:01:22,838 - ChatbotLogger - INFO - Latência: 119ms
2025-04-27 01:01:22,838 - ChatbotLogger - INFO - Conectado em 1 servidores
2025-04-27 01:01:50,159 - ChatbotLogger - WARNING - Tentativa de acesso não autorizado ao comando admin por duartegrilo_52968
2025-04-27 01:01:50,448 - ChatbotLogger - ERROR - Erro ao processar comando: You are missing Administrator permission(s) to run this command.
2025-04-27 01:14:48,656 - ChatbotLogger - INFO - Iniciando configuração do bot...
2025-04-27 01:14:48,656 - ChatbotLogger - INFO - Iniciando configuração do bot...
2025-04-27 01:14:48,657 - ChatbotLogger - INFO - Variáveis de ambiente carregadas com sucesso
2025-04-27 01:14:48,657 - ChatbotLogger - INFO - Variáveis de ambiente carregadas com sucesso
2025-04-27 01:14:48,658 - ChatbotLogger - INFO - IDs de administradores carregados: 1 admins
2025-04-27 01:14:48,658 - ChatbotLogger - INFO - IDs de administradores carregados: 1 admins
2025-04-27 01:14:48,659 - ChatbotLogger - INFO - DiscordView inicializada com sucesso
2025-04-27 01:14:48,659 - ChatbotLogger - INFO - DiscordView inicializada com sucesso
2025-04-27 01:14:48,659 - ChatbotLogger - INFO - Bot configurado com sucesso
2025-04-27 01:14:48,659 - ChatbotLogger - INFO - Bot configurado com sucesso
2025-04-27 01:14:48,659 - ChatbotLogger - INFO - Iniciando conexão com o Discord...
2025-04-27 01:14:48,659 - ChatbotLogger - INFO - Iniciando conexão com o Discord...
2025-04-27 01:14:51,700 - ChatbotLogger - INFO - Bot chatbot-test#0350 está online!
2025-04-27 01:14:51,700 - ChatbotLogger - INFO - Bot chatbot-test#0350 está online!
2025-04-27 01:14:51,700 - ChatbotLogger - INFO - ID do Bot: 1362898847327584336
2025-04-27 01:14:51,700 - ChatbotLogger - INFO - ID do Bot: 1362898847327584336
2025-04-27 01:14:51,700 - ChatbotLogger - INFO - Versão do Discord.py: 2.5.2
2025-04-27 01:14:51,700 - ChatbotLogger - INFO - Versão do Discord.py: 2.5.2
2025-04-27 01:14:51,700 - ChatbotLogger - INFO - Latência: 117ms
2025-04-27 01:14:51,700 - ChatbotLogger - INFO - Latência: 117ms
2025-04-27 01:14:51,700 - ChatbotLogger - INFO - Conectado em 1 servidores
2025-04-27 01:14:51,700 - ChatbotLogger - INFO - Conectado em 1 servidores
2025-04-27 01:15:03,701 - ChatbotLogger - WARNING - Tentativa de acesso não autorizado ao comando admin por duartegrilo_52968
2025-04-27 01:15:03,701 - ChatbotLogger - WARNING - Tentativa de acesso não autorizado ao comando admin por duartegrilo_52968
2025-04-27 01:15:03,959 - ChatbotLogger - ERROR - Erro ao processar comando: You are missing Administrator permission(s) to run this command.
2025-04-27 01:15:03,959 - ChatbotLogger - ERROR - Erro ao processar comando: You are missing Administrator permission(s) to run this command.
